// Jest Snapshot v1, https://goo.gl/fbAQLP

exports[`<SignInForm /> snapshot renders 1`] = `
<body>
  <div>
    <form>
      <div
        class="field"
      >
        <label
          class="label"
        >
          Email
        </label>
        <div
          class="control"
        >
          <input
            class="input undefined"
            name="username"
            placeholder="cafe@ephiopia.com"
            type="text"
          />
        </div>
      </div>
      <div
        class="field"
      >
        <label
          class="label"
        >
          Password
        </label>
        <div
          class="control"
        >
          <input
            class="input undefined"
            name="password"
            placeholder="You password"
            type="password"
          />
        </div>
      </div>
      <div
        class="field is-grouped is-grouped-right"
      >
        <div
          class="control"
        >
          <button
            class="button is-primary"
            type="submit"
          >
            Submit
          </button>
        </div>
      </div>
    </form>
  </div>
</body>
`;
